
> dev
> concurrently "npm --prefix client run dev" "npm --prefix server run dev"

[0] 
[0] > coreco-client@0.0.1 dev
[0] > vite
[0] 
[1] 
[1] > coreco-server@0.0.1 dev
[1] > nodemon index.js
[1] 
[1] [33m[nodemon] 3.1.14[39m
[1] [33m[nodemon] to restart at any time, enter `rs`[39m
[1] [33m[nodemon] watching path(s): *.*[39m
[1] [33m[nodemon] watching extensions: js,mjs,cjs,json[39m
[1] [32m[nodemon] starting `node index.js`[39m
[0] 
[0]   [32m[1mVITE[22m v5.4.21[39m  [2mready in [0m[1m627[22m[2m[0m ms[22m
[0] 
[0]   [32m➜[39m  [1mLocal[22m:   [36mhttp://localhost:[1m5173[22m/[39m
[0] [2m  [32m➜[39m  [1mNetwork[22m[2m: use [22m[1m--host[22m[2m to expose[22m
[1] file:///C:/VS%20CODE/CoReCo_Assignment/server/config.js:8
[1]   throw new Error('Missing MONGODB_URI in environment variables');
[1]         ^
[1] 
[1] Error: Missing MONGODB_URI in environment variables
[1]     at file:///C:/VS%20CODE/CoReCo_Assignment/server/config.js:8:9
[1]     at ModuleJob.run (node:internal/modules/esm/module_job:439:25)
[1]     at process.processTicksAndRejections (node:internal/process/task_queues:104:5)
[1]     at async node:internal/modules/esm/loader:643:26
[1]     at async asyncRunEntryPointWithESMLoader (node:internal/modules/run_main:101:5)
[1] 
[1] Node.js v24.18.0
[1] [31m[nodemon] app crashed - waiting for file changes before starting...[39m
